// Jest Snapshot v1, https://jestjs.io/docs/snapshot-testing

exports[`Prueba en <FirstApp /> debe de hacer match con el snapshot 1`] = `
<div>
  <h1>
    Hola, soy Goku
  </h1>
  <p>
    0
  </p>
  <p>
    Autor: 
    Pako Díaz
  </p>
</div>
`;

exports[`Prueba en <FirstApp /> debe mostrar el título correctamente 1`] = `
<div>
  <h1>
    Hola, soy Goku
  </h1>
  <p>
    0
  </p>
  <p>
    Autor: 
    Pako Díaz
  </p>
</div>
`;
